Archive member included to satisfy reference by file (symbol)

/opt/rs97/lib/gcc/mipsel-rs97-linux-uclibc/7.3.0/libgcc.a(_divdi3.o)
                              pico/32x/sh2soc.o (__divdi3)
/opt/rs97/lib/gcc/mipsel-rs97-linux-uclibc/7.3.0/libgcc.a(_moddi3.o)
                              pico/32x/sh2soc.o (__moddi3)
/opt/rs97/lib/gcc/mipsel-rs97-linux-uclibc/7.3.0/libgcc.a(addsf3.o)
                              platform/common/plat_sdl.o (__addsf3)
/opt/rs97/lib/gcc/mipsel-rs97-linux-uclibc/7.3.0/libgcc.a(divsf3.o)
                              pico/32x/32x.o (__divsf3)
/opt/rs97/lib/gcc/mipsel-rs97-linux-uclibc/7.3.0/libgcc.a(mulsf3.o)
                              platform/common/plat_sdl.o (__mulsf3)
/opt/rs97/lib/gcc/mipsel-rs97-linux-uclibc/7.3.0/libgcc.a(fixsfsi.o)
                              platform/common/plat_sdl.o (__fixsfsi)
/opt/rs97/lib/gcc/mipsel-rs97-linux-uclibc/7.3.0/libgcc.a(floatsisf.o)
                              platform/common/plat_sdl.o (__floatsisf)
/opt/rs97/lib/gcc/mipsel-rs97-linux-uclibc/7.3.0/libgcc.a(adddf3.o)
                              pico/sound/ym2612.o (__adddf3)
/opt/rs97/lib/gcc/mipsel-rs97-linux-uclibc/7.3.0/libgcc.a(divdf3.o)
                              pico/memory.o (__divdf3)
/opt/rs97/lib/gcc/mipsel-rs97-linux-uclibc/7.3.0/libgcc.a(gedf2.o)
                              pico/sound/ym2612.o (__gtdf2)
/opt/rs97/lib/gcc/mipsel-rs97-linux-uclibc/7.3.0/libgcc.a(muldf3.o)
                              pico/memory.o (__muldf3)
/opt/rs97/lib/gcc/mipsel-rs97-linux-uclibc/7.3.0/libgcc.a(fixdfsi.o)
                              pico/memory.o (__fixdfsi)
/opt/rs97/lib/gcc/mipsel-rs97-linux-uclibc/7.3.0/libgcc.a(fixunsdfsi.o)
                              pico/sound/sn76496.o (__fixunsdfsi)
/opt/rs97/lib/gcc/mipsel-rs97-linux-uclibc/7.3.0/libgcc.a(floatsidf.o)
                              pico/memory.o (__floatsidf)
/opt/rs97/lib/gcc/mipsel-rs97-linux-uclibc/7.3.0/libgcc.a(floatunsidf.o)
                              pico/sound/ym2612.o (__floatunsidf)
/opt/rs97/lib/gcc/mipsel-rs97-linux-uclibc/7.3.0/libgcc.a(truncdfsf2.o)
                              platform/common/config_file.o (__truncdfsf2)

Allocating common symbols
Common symbol       size              file

DrawLineDestIncrement
                    0x4               pico/draw.o
g_autostateld_opt   0x4               platform/common/menu_pico.o
HighLnSpr           0x1e00            pico/draw.o
PicoStateProgressCB
                    0x4               pico/state.o
PicoIn              0x30              pico/pico.o
rom_fname_loaded    0x200             platform/common/emu.o
g_screen_ptr        0x4               platform/common/emu.o
carthw_ssf2_banks   0x8               pico/carthw/carthw.o
g_menuscreen_w      0x4               platform/common/menu_pico.o
g_menubg_ptr        0x4               platform/common/menu_pico.o
flip_after_sync     0x4               platform/common/emu.o
s68k_write16_map    0x400             pico/cd/memory.o
PicoCpuFS68k        0x4ac             pico/cd/sek.o
m68k_write16_map    0x400             pico/memory.o
rendlines           0x4               pico/draw.o
currentConfig       0x70              platform/common/emu.o
plat_sdl_screen     0x4               platform/libpicofe/plat_sdl.o
SekCycleCntS68k     0x4               pico/cd/sek.o
ym_tl_tab2          0x1a00            pico/sound/ym2612.o
m68k_read16_map     0x400             pico/memory.o
CZ80                0xc0              cpu/cz80/cz80.o
Pico32xDrawMode     0x4               pico/32x/draw.o
sn76496_regs        0x4               pico/sound/sn76496.o
g_menuscreen_ptr    0x4               platform/common/menu_pico.o
carthw_ssf2_active  0x4               pico/carthw/carthw.o
plat_sdl_quit_cb    0x4               platform/libpicofe/plat_sdl.o
tcache              0x4               cpu/drc/cmn.o
plat_sdl_gl_active  0x4               platform/libpicofe/plat_sdl.o
ym2612              0xbe0             pico/sound/ym2612.o
in_evdev_allow_abs_only
                    0x4               platform/libpicofe/linux/in_evdev.o
plat_sdl_overlay    0x4               platform/libpicofe/plat_sdl.o
tcache_default      0x200000          cpu/drc/cmn.o
s68k_read16_map     0x400             pico/cd/memory.o
carthw_chunks       0x4               pico/state.o
PicoPicohw          0x208             pico/pico/pico.o
rom_fname_reload    0x4               platform/common/emu.o
Pico32x             0xc0              pico/32x/32x.o
z80_write_map       0x20              pico/z80if.o
p32x_event_times    0xc               pico/32x/32x.o
PicoGameLoaded      0x4               pico/cart.o
ScreenSurface       0x4               platform/libpicofe/plat_sdl.o
pcd_event_times     0x10              pico/cd/mcd.o
PicoLoadStateHook   0x4               pico/state.o
ym_tl_tab           0x34000           pico/sound/ym2612.o
media_id_header     0x100             pico/media.o
plat_sdl_resize_cb  0x4               platform/libpicofe/plat_sdl.o
[...]
Memory Configuration

Name             Origin             Length             Attributes
*default*        0x0000000000000000 0xffffffffffffffff

Linker script and memory map

LOAD /opt/rs97/mipsel-rs97-linux-uclibc/sysroot/usr/lib/crt1.o
LOAD /opt/rs97/mipsel-rs97-linux-uclibc/sysroot/usr/lib/crti.o
LOAD /opt/rs97/lib/gcc/mipsel-rs97-linux-uclibc/7.3.0/crtbegin.o
LOAD platform/opendingux/inputmap.o
LOAD platform/linux/emu.o
LOAD platform/linux/blit.o
LOAD platform/common/plat_sdl.o
LOAD platform/libpicofe/plat_sdl.o
LOAD platform/libpicofe/in_sdl.o
LOAD platform/libpicofe/plat_dummy.o
LOAD platform/common/main.o
LOAD platform/common/emu.o
LOAD platform/common/menu_pico.o
LOAD platform/common/config_file.o
LOAD platform/libpicofe/input.o
LOAD platform/libpicofe/readpng.o
LOAD platform/libpicofe/fonts.o
LOAD platform/libpicofe/linux/in_evdev.o
LOAD platform/libpicofe/linux/plat.o
LOAD platform/libpicofe/sndout.o
LOAD platform/libpicofe/sndout_sdl.o
LOAD platform/common/mp3.o
LOAD platform/common/mp3_dummy.o
LOAD unzip/unzip.o
LOAD pico/pico.o
LOAD pico/cart.o
LOAD pico/memory.o
LOAD pico/state.o
LOAD pico/sek.o
LOAD pico/z80if.o
LOAD pico/videoport.o
LOAD pico/draw2.o
LOAD pico/draw.o
LOAD pico/mode4.o
LOAD pico/misc.o
LOAD pico/eeprom.o
LOAD pico/patch.o
LOAD pico/debug.o
LOAD pico/media.o
LOAD pico/sms.o
LOAD pico/cd/mcd.o
LOAD pico/cd/memory.o
LOAD pico/cd/sek.o
LOAD pico/cd/cdc.o
LOAD pico/cd/cdd.o
LOAD pico/cd/cd_image.o
LOAD pico/cd/cue.o
LOAD pico/cd/gfx.o
LOAD pico/cd/gfx_dma.o
LOAD pico/cd/misc.o
LOAD pico/cd/pcm.o
LOAD pico/32x/32x.o
LOAD pico/32x/memory.o
LOAD pico/32x/draw.o
LOAD pico/32x/sh2soc.o
LOAD pico/32x/pwm.o
LOAD pico/pico/pico.o
LOAD pico/pico/memory.o
LOAD pico/pico/xpcm.o
LOAD pico/carthw/carthw.o
LOAD pico/carthw/eeprom_spi.o
LOAD pico/carthw/svp/svp.o
LOAD pico/carthw/svp/memory.o
LOAD pico/carthw/svp/ssp16.o
LOAD pico/sound/sound.o
LOAD pico/sound/sn76496.o
LOAD pico/sound/ym2612.o
LOAD pico/sound/mix.o
LOAD cpu/fame/famec.o
LOAD cpu/cz80/cz80.o
LOAD cpu/drc/cmn.o
LOAD cpu/sh2/sh2.o
LOAD cpu/sh2/mame/sh2pico.o
LOAD /opt/rs97/mipsel-rs97-linux-uclibc/sysroot/usr/lib/libSDL.so
LOAD /opt/rs97/mipsel-rs97-linux-uclibc/sysroot/usr/lib/libpthread.a
LOAD /opt/rs97/mipsel-rs97-linux-uclibc/sysroot/usr/lib/libpng.so
LOAD /opt/rs97/mipsel-rs97-linux-uclibc/sysroot/usr/lib/libm.a
LOAD /opt/rs97/mipsel-rs97-linux-uclibc/sysroot/usr/lib/libz.so
LOAD /opt/rs97/lib/gcc/mipsel-rs97-linux-uclibc/7.3.0/libgcc.a
LOAD /opt/rs97/lib/gcc/mipsel-rs97-linux-uclibc/7.3.0/../../../../mipsel-rs97-linux-uclibc/lib/libgcc_s.so
START GROUP
LOAD /opt/rs97/lib/gcc/mipsel-rs97-linux-uclibc/7.3.0/../../../../mipsel-rs97-linux-uclibc/lib/libgcc_s.so.1
LOAD /opt/rs97/lib/gcc/mipsel-rs97-linux-uclibc/7.3.0/libgcc.a
END GROUP
LOAD /opt/rs97/mipsel-rs97-linux-uclibc/sysroot/usr/lib/libc.so
START GROUP
LOAD /opt/rs97/mipsel-rs97-linux-uclibc/sysroot/lib/libc.so.1
LOAD /opt/rs97/mipsel-rs97-linux-uclibc/sysroot/usr/lib/uclibc_nonshared.a
LOAD /opt/rs97/mipsel-rs97-linux-uclibc/sysroot/usr/lib/libpthread_nonshared.a
LOAD /opt/rs97/mipsel-rs97-linux-uclibc/sysroot/lib/ld-uClibc.so.1
END GROUP
LOAD /opt/rs97/lib/gcc/mipsel-rs97-linux-uclibc/7.3.0/libgcc.a
LOAD /opt/rs97/lib/gcc/mipsel-rs97-linux-uclibc/7.3.0/../../../../mipsel-rs97-linux-uclibc/lib/libgcc_s.so
START GROUP
LOAD /opt/rs97/lib/gcc/mipsel-rs97-linux-uclibc/7.3.0/../../../../mipsel-rs97-linux-uclibc/lib/libgcc_s.so.1
LOAD /opt/rs97/lib/gcc/mipsel-rs97-linux-uclibc/7.3.0/libgcc.a
END GROUP
LOAD /opt/rs97/lib/gcc/mipsel-rs97-linux-uclibc/7.3.0/crtend.o
LOAD /opt/rs97/mipsel-rs97-linux-uclibc/sysroot/usr/lib/crtn.o
                [!provide]                        PROVIDE (__executable_start = SEGMENT_START ("text-segment", 0x400000))
                0x0000000000400174                . = (SEGMENT_START ("text-segment", 0x400000) + SIZEOF_HEADERS)

.interp         0x0000000000400174       0x14
 *(.interp)
 .interp        0x0000000000400174       0x14 /opt/rs97/mipsel-rs97-linux-uclibc/sysroot/usr/lib/crt1.o

.MIPS.abiflags  0x0000000000400188       0x18
 *(.MIPS.abiflags)
 .MIPS.abiflags
                0x0000000000400188       0x18 /opt/rs97/mipsel-rs97-linux-uclibc/sysroot/usr/lib/crt1.o

.reginfo        0x00000000004001a0       0x18
 *(.reginfo)
 .reginfo       0x00000000004001a0       0x18 /opt/rs97/mipsel-rs97-linux-uclibc/sysroot/usr/lib/crt1.o

.note.gnu.build-id
 *(.note.gnu.build-id)

.dynamic        0x00000000004001b8      0x130
 *(.dynamic)
 .dynamic       0x00000000004001b8      0x130 /opt/rs97/mipsel-rs97-linux-uclibc/sysroot/usr/lib/crt1.o
                0x00000000004001b8                _DYNAMIC

.hash           0x00000000004002e8      0x498
 *(.hash)
 .hash          0x00000000004002e8      0x498 /opt/rs97/mipsel-rs97-linux-uclibc/sysroot/usr/lib/crt1.o

.gnu.hash
 *(.gnu.hash)

.dynsym         0x0000000000400780      0xa10
 *(.dynsym)
 .dynsym        0x0000000000400780      0xa10 /opt/rs97/mipsel-rs97-linux-uclibc/sysroot/usr/lib/crt1.o

.dynstr         0x0000000000401190      0x6bd
 *(.dynstr)
 .dynstr        0x0000000000401190      0x6bd /opt/rs97/mipsel-rs97-linux-uclibc/sysroot/usr/lib/crt1.o

.gnu.version    0x000000000040184e      0x142
 *(.gnu.version)
 .gnu.version   0x000000000040184e      0x142 /opt/rs97/mipsel-rs97-linux-uclibc/sysroot/usr/lib/crt1.o

.gnu.version_d  0x0000000000401990        0x0
 *(.gnu.version_d)
 .gnu.version_d
                0x0000000000401990        0x0 /opt/rs97/mipsel-rs97-linux-uclibc/sysroot/usr/lib/crt1.o

.gnu.version_r  0x0000000000401990       0x20
 *(.gnu.version_r)
 .gnu.version_r
                0x0000000000401990       0x20 /opt/rs97/mipsel-rs97-linux-uclibc/sysroot/usr/lib/crt1.o

.rel.dyn        0x00000000004019b0       0x10
 *(.rel.init)
 *(.rel.text .rel.text.* .rel.gnu.linkonce.t.*)
 *(.rel.fini)
 *(.rel.rodata .rel.rodata.* .rel.gnu.linkonce.r.*)
 *(.rel.data.rel.ro .rel.data.rel.ro.* .rel.gnu.linkonce.d.rel.ro.*)
 .rel.data.rel.ro
                0x00000000004019b0        0x0 /opt/rs97/mipsel-rs97-linux-uclibc/sysroot/usr/lib/crt1.o
 *(.rel.data .rel.data.* .rel.gnu.linkonce.d.*)
 *(.rel.tdata .rel.tdata.* .rel.gnu.linkonce.td.*)
 *(.rel.tbss .rel.tbss.* .rel.gnu.linkonce.tb.*)
 *(.rel.ctors)
 *(.rel.dtors)
 *(.rel.got)
 *(.rel.dyn)
 .rel.dyn       0x00000000004019b0       0x10 /opt/rs97/mipsel-rs97-linux-uclibc/sysroot/usr/lib/crt1.o
 *(.rel.sdata .rel.sdata.* .rel.gnu.linkonce.s.*)
 *(.rel.sbss .rel.sbss.* .rel.gnu.linkonce.sb.*)
 *(.rel.sdata2 .rel.sdata2.* .rel.gnu.linkonce.s2.*)
 *(.rel.sbss2 .rel.sbss2.* .rel.gnu.linkonce.sb2.*)
 *(.rel.bss .rel.bss.* .rel.gnu.linkonce.b.*)
 .rel.bss       0x00000000004019c0        0x0 /opt/rs97/mipsel-rs97-linux-uclibc/sysroot/usr/lib/crt1.o
                [!provide]                        PROVIDE (__rel_iplt_start = .)
 *(.rel.iplt)
                [!provide]                        PROVIDE (__rel_iplt_end = .)

.rela.dyn       0x00000000004019c0        0x0
 *(.rela.init)
 *(.rela.text .rela.text.* .rela.gnu.linkonce.t.*)
 *(.rela.fini)
 *(.rela.rodata .rela.rodata.* .rela.gnu.linkonce.r.*)
 *(.rela.data .rela.data.* .rela.gnu.linkonce.d.*)
 *(.rela.tdata .rela.tdata.* .rela.gnu.linkonce.td.*)
 *(.rela.tbss .rela.tbss.* .rela.gnu.linkonce.tb.*)
 *(.rela.ctors)
 *(.rela.dtors)
 *(.rela.got)
 *(.rela.sdata .rela.sdata.* .rela.gnu.linkonce.s.*)
 *(.rela.sbss .rela.sbss.* .rela.gnu.linkonce.sb.*)
 *(.rela.sdata2 .rela.sdata2.* .rela.gnu.linkonce.s2.*)
 *(.rela.sbss2 .rela.sbss2.* .rela.gnu.linkonce.sb2.*)
 *(.rela.bss .rela.bss.* .rela.gnu.linkonce.b.*)
                [!provide]                        PROVIDE (__rela_iplt_start = .)
 *(.rela.iplt)
                [!provide]                        PROVIDE (__rela_iplt_end = .)

.rel.plt        0x00000000004019c0      0x478
 *(.rel.plt)
 .rel.plt       0x00000000004019c0      0x478 /opt/rs97/mipsel-rs97-linux-uclibc/sysroot/usr/lib/crt1.o

.rela.plt
 *(.rela.plt)

.init           0x0000000000401e38       0x68
 *(SORT_NONE(.init))
 .init          0x0000000000401e38       0x1c /opt/rs97/mipsel-rs97-linux-uclibc/sysroot/usr/lib/crti.o
                0x0000000000401e38                _init
 .init          0x0000000000401e54       0x20 /opt/rs97/lib/gcc/mipsel-rs97-linux-uclibc/7.3.0/crtbegin.o
 .init          0x0000000000401e74       0x20 /opt/rs97/lib/gcc/mipsel-rs97-linux-uclibc/7.3.0/crtend.o
 .init          0x0000000000401e94        0xc /opt/rs97/mipsel-rs97-linux-uclibc/sysroot/usr/lib/crtn.o

.text           0x0000000000401ea0    0xcbd60
                0x0000000000401ea0                _ftext = .
 *(.text.unlikely .text.*_unlikely .text.unlikely.*)
 .text.unlikely
                0x0000000000401ea0      0x114 pico/cart.o
 .text.unlikely
                0x0000000000401fb4       0x94 cpu/fame/famec.o
 *(.text.exit .text.exit.*)
 *(.text.startup .text.startup.*)
 .text.startup  0x0000000000402048      0x168 platform/common/main.o
                0x0000000000402048                main
 *(.text.hot .text.hot.*)
 *(.text .stub .text.* .gnu.linkonce.t.*)
 .text          0x00000000004021b0       0x60 /opt/rs97/mipsel-rs97-linux-uclibc/sysroot/usr/lib/crt1.o
                0x00000000004021b0                __start
 .text          0x0000000000402210        0x0 /opt/rs97/mipsel-rs97-linux-uclibc/sysroot/usr/lib/crti.o
 .text          0x0000000000402210      0x1a0 /opt/rs97/lib/gcc/mipsel-rs97-linux-uclibc/7.3.0/crtbegin.o
 .text          0x00000000004023b0        0x0 platform/opendingux/inputmap.o
 .text          0x00000000004023b0      0x830 platform/linux/emu.o
                0x00000000004023b0                pemu_prep_defconfig
                0x00000000004023b8                pemu_validate_config
                0x00000000004023d4                pemu_finalize_frame
                0x000000000040262c                plat_video_toggle_renderer
                0x00000000004027f4                plat_status_msg_clear
                0x0000000000402830                plat_status_msg_busy_next
                0x00000000004028c0                plat_status_msg_busy_first
                0x0000000000402950                plat_update_volume
                0x0000000000402958                pemu_forced_frame
                0x00000000004029d4                pemu_sound_start
                0x00000000004029dc                plat_debug_cat
                0x00000000004029e4                emu_video_mode_change
                0x0000000000402a14                pemu_loop_prep
                0x0000000000402b2c                pemu_loop_end
                0x0000000000402b90                plat_wait_till_us
                0x0000000000402bd0                plat_mem_get_for_drc
 .text          0x0000000000402be0      0x270 platform/linux/blit.o
                0x0000000000402be0                bgr444_to_rgb32
                0x0000000000402c2c                bgr444_to_rgb32_sh
                0x0000000000402cc4                vidcpy_m2
                0x0000000000402e38                vidcpy_m2_rot
                0x0000000000402e40                rotated_blit8
                0x0000000000402e48                rotated_blit16
 .text          0x0000000000402e50      0xb60 platform/common/plat_sdl.o
                0x0000000000402e60                bgr_to_uyvy_init
                0x000000000040306c                rgb565_to_uyvy
                0x00000000004031e4                plat_quick_copy
                0x0000000000403224                plat_video_flip
                0x0000000000403368                plat_video_wait_vsync
                0x0000000000403370                plat_video_menu_enter
                0x00000000004033ac                plat_video_menu_begin
                0x0000000000403444                plat_video_menu_end
                0x0000000000403574                plat_video_menu_leave
                0x000000000040357c                plat_video_loop_prepare
                0x000000000040363c                plat_early_init
                0x0000000000403644                plat_init
                0x0000000000403960                plat_finish
 .text          0x00000000004039b0      0xa30 platform/libpicofe/plat_sdl.o
                0x00000000004039b0                plat_sdl_change_video_mode
                0x0000000000403de0                plat_sdl_event_handler
                0x0000000000403f10                plat_sdl_init
                0x00000000004042fc                plat_sdl_finish
                0x0000000000404378                plat_sdl_overlay_clear
 .text          0x00000000004043e0      0xaa0 platform/libpicofe/in_sdl.o
                0x0000000000404e14                in_sdl_init
 .text          0x0000000000404e80       0x20 platform/libpicofe/plat_dummy.o
                0x0000000000404e80                plat_target_init
                0x0000000000404e88                plat_target_finish
                0x0000000000404e90                plat_target_setup_input
 .text          0x0000000000404ea0      0x250 platform/common/main.o
                0x0000000000404ea0                parse_cmd_line
 .text          0x00000000004050f0     0x5a70 platform/common/emu.o
                0x0000000000405900                emu_status_msg
                0x000000000040598c                emu_get_game_name
                0x0000000000405b1c                emu_swap_cd
                0x0000000000405ba4                emu_make_path
                0x0000000000405c58                emu_prep_defconfig
                0x0000000000405ce8                emu_set_defconfig
                0x0000000000405d58                emu_read_config
                0x0000000000406ac0                emu_write_config
                0x0000000000406d4c                emu_text_out8
                0x0000000000406e70                emu_text_out16
                0x0000000000406f90                emu_text_out8_rot
                0x0000000000407134                emu_text_out16_rot
                0x00000000004072ec                emu_osd_text16
                0x00000000004073a4                emu_get_save_fname
                0x0000000000407a50                emu_check_save_file
                0x0000000000407e8c                emu_save_load_game
                0x00000000004087ec                emu_reload_rom
                0x0000000000409144                emu_set_fastforward
                0x0000000000409258                emu_32x_startup
                0x00000000004093c4                emu_reset_game
                0x00000000004093ec                run_events_pico
                0x0000000000409650                emu_update_input
                0x0000000000409d34                emu_cmn_forced_frame
                0x0000000000409e88                emu_init
                0x000000000040a0bc                emu_finish
                0x000000000040a41c                emu_sound_start
                0x000000000040a4ec                emu_sound_stop
                0x000000000040a4fc                emu_sound_wait
                0x000000000040a50c                emu_loop
 .text          0x000000000040ab60     0x9da0 platform/common/menu_pico.o
                0x000000000040d8b8                menuscreen_memset_lines
                0x000000000040d938                text_out16
                0x0000000000413320                menu_init_base
                0x000000000041377c                menu_romload_prepare
                0x0000000000413b80                menu_romload_end
                0x0000000000413d9c                menu_loop
                0x0000000000414290                menu_loop_tray
                0x0000000000414344                menu_update_msg
                0x0000000000414394                me_list_get_first
                0x00000000004143b0                me_list_get_next
                0x0000000000414488                menu_init
 .text          0x0000000000414900     0x1e30 platform/common/config_file.o
                0x0000000000414cf8                config_write
                0x0000000000415480                config_writelrom
                0x0000000000415754                config_readlrom
                0x0000000000415998                config_readsect
                0x00000000004166b0                config_get_var_val
 .text          0x0000000000416730     0x2c00 platform/libpicofe/input.o
                0x0000000000416778                in_register
                0x0000000000416bdc                in_combos_find
                0x0000000000416c8c                in_combos_do
                0x0000000000416d88                in_probe
                0x00000000004174e0                in_update
                0x00000000004175e8                in_update_analog
                0x000000000041763c                in_update_keycode
                0x0000000000417d18                in_menu_wait_any
                0x0000000000417dc8                in_menu_wait
                0x0000000000417f80                in_get_dev_binds
                0x0000000000417fa8                in_get_dev_def_binds
                0x0000000000417fe4                in_get_config
                0x00000000004180ac                in_set_config
                0x00000000004182b8                in_get_dev_name
                0x0000000000418344                in_name_to_id
                0x00000000004183e0                in_get_key_name
                0x0000000000418558                in_get_key_code
                0x0000000000418600                in_bind_key
                0x00000000004187f8                in_unbind_all
                0x000000000041892c                in_config_parse_dev
                0x0000000000418c14                in_config_bind_key
                0x0000000000418f2c                in_clean_binds
                0x0000000000418ffc                in_debug_dump
                0x00000000004190e8                in_register_driver
                0x00000000004192ec                in_init
 .text          0x0000000000419330      0x8e0 platform/libpicofe/readpng.o
                0x0000000000419330                readpng
                0x0000000000419948                writepng
 .text          0x0000000000419c10      0x4a0 platform/libpicofe/fonts.o
                0x0000000000419c10                basic_text_out16_nf
                0x0000000000419e28                basic_text_out_uyvy_nf
                0x000000000041a024                basic_text_out16
 .text          0x000000000041a0b0      0xed0 platform/libpicofe/linux/in_evdev.o
                0x000000000041af24                in_evdev_init
 .text          0x000000000041af80      0x940 platform/libpicofe/linux/plat.o
                0x000000000041af80                plat_is_dir
                0x000000000041afbc                plat_get_skin_dir
                0x000000000041b0b4                plat_get_root_dir
                0x000000000041b1dc                plat_get_ticks_ms
                0x000000000041b228                plat_get_ticks_us
                0x000000000041b260                plat_sleep_ms
                0x000000000041b278                plat_wait_event
                0x000000000041b42c                plat_mmap
                0x000000000041b5e0                plat_mremap
                0x000000000041b754                plat_munmap
                0x000000000041b808                plat_mem_set_exec
                0x000000000041b884                lprintf
 .text          0x000000000041b8c0       0xe0 platform/libpicofe/sndout.o
                0x000000000041b8f0                sndout_init
 .text          0x000000000041b9a0      0x410 platform/libpicofe/sndout_sdl.o
                0x000000000041bab8                sndout_sdl_init
                0x000000000041badc                sndout_sdl_start
                0x000000000041bbf8                sndout_sdl_stop
                0x000000000041bc24                sndout_sdl_wait
                0x000000000041bc80                sndout_sdl_write_nb
                0x000000000041bd64                sndout_sdl_exit
 .text          0x000000000041bdb0      0x750 platform/common/mp3.o
                0x000000000041bdb0                mp3_find_sync_word
                0x000000000041be44                mp3_get_bitrate
                0x000000000041c108                mp3_start_play
                0x000000000041c334                mp3_update
 .text          0x000000000041c500       0x10 platform/common/mp3_dummy.o
                0x000000000041c500                mp3dec_start
                0x000000000041c508                mp3dec_decode
 .text          0x000000000041c510      0xc70 unzip/unzip.o
                0x000000000041c510                openzip
                0x000000000041c918                readzip
                0x000000000041cb58                closezip
                0x000000000041cbb4                suspendzip
                0x000000000041cbf4                rewindzip
                0x000000000041cbfc                seekcompresszip
                0x000000000041cd08                readcompresszip
                0x000000000041ce70                readuncompresszip
 .text          0x000000000041d180     0x1df0 pico/pico.o
                0x000000000041d180                PicoInit
                0x000000000041d230                PicoExit
                0x000000000041d288                PicoDetectRegion
                0x000000000041d538                PicoPower
                0x000000000041d7f4                PicoReset
                0x000000000041d9e0                PicoLoopPrepare
                0x000000000041da4c                CheckDMA
                0x000000000041db28                PicoSyncZ80
                0x000000000041db88                PicoFrame
                0x000000000041ee9c                PicoFrameDrawOnly
                0x000000000041eedc                PicoGetInternal
 .text          0x000000000041ef70     0x28e0 pico/cart.o
                0x000000000042011c                pm_open
                0x0000000000420620                pm_read
                0x0000000000420a98                pm_seek
                0x0000000000420cdc                pm_close
                0x0000000000420d8c                Byteswap
                0x0000000000420de4                PicoCartLoad
                0x000000000042131c                PicoCartInsert
                0x000000000042174c                PicoCartResize
                0x00000000004217b4                PicoCartUnload
 .text          0x0000000000421850     0x3a20 pico/memory.o
                0x0000000000421860                m68k_read8
                0x00000000004218a4                m68k_read16
                0x00000000004218e4                m68k_read32
                0x0000000000421988                m68k_write8
                0x00000000004219cc                m68k_write16
                0x0000000000421a0c                m68k_write32
                0x0000000000421ed0                PicoRead8_vdp
                0x0000000000422630                z80_map_set
                0x0000000000422730                cpu68k_map_set
                0x00000000004228b8                cpu68k_map_all_ram
                0x00000000004229b4                m68k_map_unmap
                0x0000000000422aa8                PicoSetInputDevice
                0x0000000000422afc                io_ports_read
                0x0000000000422b6c                PicoRead8_io
                0x0000000000422bec                PicoRead16_io
                0x0000000000422c8c                io_ports_write
                0x0000000000422d18                ctl_write_z80busreq
                0x0000000000422dc0                ctl_write_z80reset
                0x0000000000422ea0                PicoWrite8_io
                0x0000000000422f0c                PicoWrite16_io
                0x0000000000422f74                PicoMemSetup
                0x0000000000423da8                ym2612_sync_timers
                0x0000000000424c0c                ym2612_pack_state
                0x0000000000424dac                ym2612_unpack_state
 .text          0x0000000000425270     0x41b0 pico/state.o
                0x00000000004283d0                PicoState
                0x0000000000428634                PicoStateFP
                0x0000000000428678                PicoStateLoadGfx
                0x0000000000428ee8                PicoTmpStateSave
                0x000000000042914c                PicoTmpStateRestore
 .text          0x0000000000429420      0x720 pico/sek.o
                0x0000000000429494                SekInit
                0x00000000004294e4                SekReset
                0x000000000042951c                SekStepM68k
                0x000000000042956c                SekSetRealTAS
                0x0000000000429574                SekPackCpu
                0x0000000000429628                SekUnpackCpu
                0x00000000004296f4                SekInitIdleDet
                0x000000000042979c                SekIsIdleReady
                0x00000000004297b8                SekIsIdleCode
                0x0000000000429944                SekRegisterIdlePatch
                0x0000000000429a48                SekFinishIdleDet
 .text          0x0000000000429b40      0x3c0 pico/z80if.o
                0x0000000000429b40                z80_init
                0x0000000000429b90                z80_reset
                0x0000000000429be0                z80_pack
                0x0000000000429d44                z80_unpack
                0x0000000000429ed0                z80_exit
                0x0000000000429ed8                z80_debug
 .text          0x0000000000429f00     0x1110 pico/videoport.o
                0x000000000042a690                PicoVideoWrite
                0x000000000042ad08                PicoVideoRead
                0x000000000042ae3c                PicoVideoRead8DataH
                0x000000000042aecc                PicoVideoRead8DataL
                0x000000000042af58                PicoVideoRead8CtlH
                0x000000000042af6c                PicoVideoRead8CtlL
                0x000000000042afac                PicoVideoRead8HV_H
                0x000000000042afb8                PicoVideoRead8HV_L
 .text          0x000000000042b010     0x1590 pico/draw2.o
                0x000000000042c0bc                PicoFrameFull
                0x000000000042c584                PicoDraw2Init
 .text          0x000000000042c5a0     0x5950 pico/draw.o
                0x00000000004313f8                blockcpy_or
                0x00000000004314f8                BackFill
                0x0000000000431524                PicoDoHighPal555
                0x000000000043165c                FinalizeLine555
                0x000000000043170c                PicoFrameStart
                0x0000000000431894                PicoDrawSync
                0x0000000000431c54                PicoDrawUpdateHighPal
                0x0000000000431d34                PicoDrawSetOutFormat
                0x0000000000431dd8                PicoDrawSetOutBuf
                0x0000000000431e04                PicoDrawSetInternalBuf
                0x0000000000431e54                PicoDrawSetCallbacks
                0x0000000000431eb4                PicoDrawInit
 .text          0x0000000000431ef0     0x1340 pico/mode4.o
                0x00000000004328a0                PicoFrameStartMode4
                0x00000000004329ac                PicoLineMode4
                0x0000000000432d64                PicoDoHighPal555M4
                0x00000000004331e8                PicoDrawSetOutputMode4
 .text          0x0000000000433230      0x1b0 pico/misc.o
                0x0000000000433230                memcpy16bswap
                0x0000000000433264                memset32
                0x0000000000433320                memset32_uncached
 .text          0x00000000004333e0      0xad0 pico/eeprom.o
                0x00000000004333e0                EEPROM_write16
                0x0000000000433744                EEPROM_write8
                0x0000000000433ad4                EEPROM_read
 .text          0x0000000000433eb0     0x12b0 pico/patch.o
                0x0000000000433eb0                genie_decode_ms
                0x00000000004340b8                ar_decode_ms
                0x0000000000434218                fusion_ram_decode
                0x000000000043436c                fusion_rom_decode
                0x000000000043451c                decode
                0x0000000000434b78                PicoPatchUnload
                0x0000000000434bb4                PicoPatchLoad
                0x0000000000434e54                PicoPatchPrepare
                0x0000000000434f7c                PicoPatchApply
 .text          0x0000000000435160     0x1b90 pico/debug.o
                0x0000000000435160                PDebugMain
                0x00000000004355b0                PDebug32x
                0x00000000004358fc                PDebugSpriteList
                0x0000000000435a64                PDebugShowSpriteStats
                0x0000000000435cec                PDebugShowPalette
                0x0000000000435e8c                PDebugShowSprite
                0x00000000004360c0                PDebugDumpMem
                0x0000000000436a24                PDebugZ80Frame
                0x0000000000436cc4                PDebugCPUStep
 .text          0x0000000000436cf0      0xb70 pico/media.o
                0x0000000000436cf0                PicoCdCheck
                0x0000000000437144                PicoLoadMedia
 .text          0x0000000000437860      0xc40 pico/sms.o
                0x0000000000437dc8                PicoResetMS
                0x0000000000437de4                PicoPowerMS
                0x0000000000437eb8                PicoMemSetupMS
                0x0000000000438000                PicoStateLoadedMS
                0x00000000004380e8                PicoFrameMS
                0x0000000000438458                PicoFrameDrawOnlyMS
 .text          0x00000000004384a0     0x2080 pico/cd/mcd.o
                0x00000000004389f0                PicoInitMCD
                0x00000000004389f8                PicoExitMCD
                0x0000000000438a00                PicoPowerMCD
                0x0000000000438b78                pcd_soft_reset
                0x0000000000438cbc                PicoResetMCD
                0x0000000000438d4c                pcd_cycles_m68k_to_s68k
                0x0000000000438d70                pcd_event_schedule
                0x0000000000438dd4                pcd_event_schedule_s68k
                0x0000000000438e6c                pcd_sync_s68k
                0x000000000043938c                pcd_run_cpus
                0x00000000004394c8                pcd_run_cpus_lockstep
                0x0000000000439580                pcd_prepare_frame
                0x00000000004395ec                PicoFrameMCD
                0x000000000043a224                pcd_state_loaded
 .text          0x000000000043a520     0x4af0 pico/cd/memory.o
                0x000000000043a520                s68k_read8
                0x000000000043a564                s68k_read16
                0x000000000043a5a4                s68k_read32
                0x000000000043a648                s68k_write8
                0x000000000043a68c                s68k_write16
                0x000000000043a6cc                s68k_write32
                0x000000000043c03c                PicoRead8_mcd_io
                0x000000000043c2ec                PicoRead16_mcd_io
                0x000000000043cea0                PicoWrite16_mcd_io
                0x000000000043d5f4                PicoWrite8_mcd_io
                0x000000000043e644                m68k_comm_check
                0x000000000043e738                s68k_poll_detect
                0x000000000043e7e4                s68k_reg_write16
                0x000000000043e998                pcd_state_loaded_mem
                0x000000000043eaf0                PicoMemSetupCD
 .text          0x000000000043f010      0x190 pico/cd/sek.o
                0x000000000043f068                SekInitS68k
                0x000000000043f0b8                SekResetS68k
                0x000000000043f0f0                SekInterruptS68k
                0x000000000043f144                SekInterruptClearS68k
 .text          0x000000000043f1a0      0xff0 pico/cd/cdc.o
                0x000000000043f1a0                cdc_init
                0x000000000043f1b4                cdc_reset
                0x000000000043f210                cdc_context_save
                0x000000000043f2b4                cdc_context_load
                0x000000000043f388                cdc_context_load_old
                0x000000000043f534                cdc_dma_update
                0x000000000043f8b8                cdc_decoder_update
                0x000000000043f9d8                cdc_reg_w
                0x000000000043fe0c                cdc_reg_r
                0x000000000044005c                cdc_host_r
 .text          0x0000000000440190     0x1b00 pico/cd/cdd.o
                0x0000000000440190                cdd_reset
                0x00000000004401bc                cdd_context_save
                0x0000000000440244                cdd_context_load
                0x0000000000440394                cdd_context_load_old
                0x00000000004403b0                cdd_unload
                0x0000000000440500                cdd_load
                0x00000000004409dc                cdd_read_data
                0x0000000000440a68                cdd_update
                0x0000000000440e2c                cdd_process
 .text          0x0000000000441c90      0xd40 pico/cd/cd_image.o
                0x0000000000441c90                load_cd_image
 .text          0x00000000004429d0     0x1540 pico/cd/cue.o
                0x00000000004429d0                cue_parse
                0x0000000000443e90                cue_destroy
 .text          0x0000000000443f10      0xac0 pico/cd/gfx.o
                0x0000000000443f10                gfx_init
                0x00000000004442b4                gfx_context_save
                0x000000000044436c                gfx_context_load
                0x000000000044441c                gfx_start
                0x00000000004445c4                gfx_update
 .text          0x00000000004449d0      0x2f0 pico/cd/gfx_dma.o
                0x00000000004449d0                DmaSlowCell
 .text          0x0000000000444cc0       0x80 pico/cd/misc.o
                0x0000000000444cc0                wram_2M_to_1M
                0x0000000000444d00                wram_1M_to_2M
 .text          0x0000000000444d40      0x600 pico/cd/pcm.o
                0x0000000000444d40                pcd_pcm_sync
                0x0000000000444fb4                pcd_pcm_write
                0x0000000000445108                pcd_pcm_read
                0x00000000004451c4                pcd_pcm_update
 .text          0x0000000000445340     0x2da0 pico/32x/32x.o
                0x0000000000445938                p32x_update_irls
                0x0000000000445ac8                p32x_trigger_irq
                0x0000000000445c90                p32x_update_cmd_irq
                0x0000000000445e74                Pico32xStartup
                0x0000000000445f64                p32x_reset_sh2s
                0x0000000000446124                Pico32xInit
                0x0000000000446180                PicoPower32x
                0x00000000004461c0                PicoUnload32x
                0x0000000000446224                PicoReset32x
                0x0000000000446388                p32x_schedule_hint
                0x00000000004464c8                p32x_event_schedule
                0x0000000000446508                p32x_event_schedule_sh2
                0x00000000004465a0                p32x_sync_other_sh2
                0x00000000004466b0                p32x_sync_sh2s
                0x00000000004466dc                sync_sh2s_lockstep
                0x0000000000446774                PicoFrame32x
                0x0000000000447db4                Pico32xSetClocks
                0x0000000000447ea4                Pico32xStateLoaded
 .text          0x00000000004480e0     0x4990 pico/32x/memory.o
                0x0000000000449f9c                p32x_m68k_poll_event
                0x0000000000449fe4                p32x_sh2_poll_event
                0x000000000044a024                PicoRead8_32x
                0x000000000044a08c                PicoRead16_32x
                0x000000000044a0ec                PicoWrite8_32x
                0x000000000044a1c0                PicoWrite16_32x
                0x000000000044a2b0                p32x_sh2_read8
                0x000000000044a2ec                p32x_sh2_read16
                0x000000000044a32c                p32x_sh2_read32
                0x000000000044a410                p32x_sh2_write8
                0x000000000044a42c                p32x_sh2_write16
                0x000000000044a448                p32x_sh2_write32
                0x000000000044a4c8                Pico32xSwapDRAM
                0x000000000044bb50                PicoMemSetup32x
                0x000000000044c704                p32x_update_banks
                0x000000000044c9ac                Pico32xMemStateLoaded
 .text          0x000000000044ca70     0x16b0 pico/32x/draw.o
                0x000000000044d984                FinalizeLine32xRGB555
                0x000000000044dc44                PicoDraw32xLayer
                0x000000000044de9c                PicoDraw32xLayerMdOnly
                0x000000000044e0ac                PicoDrawSetOutFormat32x
 .text          0x000000000044e120     0x13d0 pico/32x/sh2soc.o
                0x000000000044e670                p32x_timers_recalc
                0x000000000044e6fc                p32x_timers_do
                0x000000000044e86c                sh2_peripheral_reset
                0x000000000044e8c0                sh2_peripheral_read8
                0x000000000044e8d4                sh2_peripheral_read16
                0x000000000044e8e8                sh2_peripheral_read32
                0x000000000044e8f8                sh2_peripheral_write8
                0x000000000044eb28                sh2_peripheral_write16
                0x000000000044ebd0                sh2_peripheral_write32
                0x000000000044edfc                p32x_dreq0_trigger
                0x000000000044f02c                p32x_dreq1_trigger
 .text          0x000000000044f4f0     0x1360 pico/32x/pwm.o
                0x000000000044f7ec                p32x_pwm_ctl_changed
                0x000000000044f864                p32x_pwm_schedule
                0x000000000044f968                p32x_pwm_schedule_sh2
                0x000000000044fa94                p32x_pwm_sync_to_sh2
                0x000000000044fd94                p32x_pwm_irq_event
                0x000000000044fe98                p32x_pwm_read16
                0x0000000000450254                p32x_pwm_write16
                0x00000000004504d8                p32x_pwm_update
                0x0000000000450768                p32x_pwm_state_loaded
 .text          0x0000000000450850      0x290 pico/pico/pico.o
                0x000000000045095c                PicoReratePico
                0x00000000004509e0                PicoInitPico
 .text          0x0000000000450ae0      0x290 pico/pico/memory.o
                0x0000000000450cac                PicoMemSetupPico
 .text          0x0000000000450d70      0x470 pico/pico/xpcm.o
                0x0000000000450d70                PicoPicoPCMReset
                0x0000000000450da0                PicoPicoPCMRerate
                0x0000000000450dc4                PicoPicoPCMUpdate
 .text          0x00000000004511e0     0x2360 pico/carthw/carthw.o
                0x0000000000451dcc                carthw_ssf2_write16
                0x0000000000451f28                carthw_ssf2_write8
                0x0000000000452df4                carthw_ssf2_startup
                0x0000000000452eb4                carthw_Xin1_startup
                0x0000000000452f24                carthw_realtec_startup
                0x0000000000453014                carthw_radica_startup
                0x0000000000453084                carthw_pier_startup
                0x0000000000453250                carthw_sprot_new_location
                0x0000000000453408                carthw_sprot_startup
                0x0000000000453458                carthw_prot_lk3_startup
 .text          0x0000000000453540      0x3a0 pico/carthw/eeprom_spi.o
                0x0000000000453540                eeprom_spi_init
                0x0000000000453578                eeprom_spi_write
                0x00000000004538cc                eeprom_spi_read
 .text          0x00000000004538e0      0x250 pico/carthw/svp/svp.o
                0x00000000004539e0                PicoSVPInit
                0x00000000004539e8                PicoSVPStartup
 .text          0x0000000000453b30      0x460 pico/carthw/svp/memory.o
                0x0000000000453de4                PicoSVPMemSetup
 .text          0x0000000000453f90     0x3930 pico/carthw/svp/ssp16.o
                0x0000000000455be0                ssp1601_reset
                0x0000000000455c08                ssp1601_run
 .text          0x00000000004578c0     0x1420 pico/sound/sound.o
                0x0000000000457d98                PsndReset
                0x0000000000457f80                PsndRerate
                0x0000000000458460                PsndStartFrame
                0x00000000004584dc                PsndDoDAC
                0x00000000004585a4                PsndDoPSG
                0x0000000000458640                cdda_start_play
                0x00000000004586fc                PsndClear
                0x00000000004587b4                PsndGetSamples
                0x0000000000458ad8                PsndGetSamplesMS
 .text          0x0000000000458ce0      0x6a0 pico/sound/sn76496.o
                0x0000000000458ce0                SN76496Write
                0x0000000000458e7c                SN76496Update
                0x00000000004591c8                SN76496_init
 .text          0x0000000000459380     0x9420 pico/sound/ym2612.o
                0x000000000045aa9c                YM2612UpdateOne_
                0x000000000045d274                YM2612ResetChip_
                0x000000000045dc60                YM2612Init_
                0x0000000000461708                YM2612Write_
                0x0000000000461fbc                YM2612PicoStateLoad_
                0x00000000004620f4                YM2612PicoStateSave2
                0x000000000046241c                YM2612PicoStateLoad2
                0x000000000046278c                YM2612GetRegs
 .text          0x00000000004627a0      0x190 pico/sound/mix.o
                0x00000000004627a0                mix_32_to_16l_stereo
                0x0000000000462808                mix_32_to_16_mono
                0x0000000000462854                mix_16h_to_32
                0x0000000000462888                mix_16h_to_32_s1
                0x00000000004628d8                mix_16h_to_32_s2
 .text          0x0000000000462930    0x5dc90 cpu/fame/famec.o
                0x0000000000462a0c                fm68k_get_pc
                0x0000000000462a14                fm68k_would_interrupt
                0x0000000000462a2c                fm68k_emulate
                0x00000000004c04c8                fm68k_init
                0x00000000004c04ec                fm68k_reset
                0x00000000004c0594                fm68k_idle_install
                0x00000000004c05a4                fm68k_idle_remove
 .text          0x00000000004c05c0     0x79b0 cpu/cz80/cz80.o
                0x00000000004c05c8                Cz80_Init
                0x00000000004c0a64                Cz80_Reset
                0x00000000004c0a94                Cz80_Exec
                0x00000000004c78c4                Cz80_Set_IRQ
                0x00000000004c7bb4                Cz80_Get_Reg
                0x00000000004c7c84                Cz80_Set_Reg
                0x00000000004c7d70                Cz80_Set_Fetch
                0x00000000004c7f3c                Cz80_Set_ReadB
                0x00000000004c7f44                Cz80_Set_WriteB
                0x00000000004c7f4c                Cz80_Set_INPort
                0x00000000004c7f54                Cz80_Set_OUTPort
                0x00000000004c7f5c                Cz80_Set_IRQ_Callback
 .text          0x00000000004c7f70       0x80 cpu/drc/cmn.o
                0x00000000004c7f70                drc_cmn_init
                0x00000000004c7fe0                drc_cmn_cleanup
 .text          0x00000000004c7ff0      0x3a0 cpu/sh2/sh2.o
                0x00000000004c7ff0                sh2_init
                0x00000000004c8054                sh2_finish
                0x00000000004c805c                sh2_reset
                0x00000000004c80ac                sh2_do_irq
                0x00000000004c8164                sh2_irl_irq
                0x00000000004c8284                sh2_internal_irq
                0x00000000004c82a8                sh2_pack
                0x00000000004c8314                sh2_unpack
 .text          0x00000000004c8390     0x27c0 cpu/sh2/mame/sh2pico.o
                0x00000000004c8a78                sh2_execute_interpreter
 .text.stub.1   0x00000000004cab50       0x10 linker stubs
                0x00000000004cab58                .pic.__divdi3
 .text          0x00000000004cab60      0x450 /opt/rs97/lib/gcc/mipsel-rs97-linux-uclibc/7.3.0/libgcc.a(_divdi3.o)
                0x00000000004cab60                __divdi3
 .text.stub.4   0x00000000004cafb0       0x10 linker stubs
                0x00000000004cafb8                .pic.__moddi3
 .text          0x00000000004cafc0      0x450 /opt/rs97/lib/gcc/mipsel-rs97-linux-uclibc/7.3.0/libgcc.a(_moddi3.o)
                0x00000000004cafc0                __moddi3
 .text.stub.7   0x00000000004cb410       0x10 linker stubs
                0x00000000004cb418                .pic.__addsf3
 .text          0x00000000004cb420      0x4d0 /opt/rs97/lib/gcc/mipsel-rs97-linux-uclibc/7.3.0/libgcc.a(addsf3.o)
                0x00000000004cb420                __addsf3
 .text.stub.14  0x00000000004cb8f0       0x10 linker stubs
                0x00000000004cb8f8                .pic.__divsf3
 .text          0x00000000004cb900      0x390 /opt/rs97/lib/gcc/mipsel-rs97-linux-uclibc/7.3.0/libgcc.a(divsf3.o)
                0x00000000004cb900                __divsf3
 .text.stub.6   0x00000000004cbc90       0x10 linker stubs
                0x00000000004cbc98                .pic.__mulsf3
 .text          0x00000000004cbca0      0x300 /opt/rs97/lib/gcc/mipsel-rs97-linux-uclibc/7.3.0/libgcc.a(mulsf3.o)
                0x00000000004cbca0                __mulsf3
 .text.stub.9   0x00000000004cbfa0       0x10 linker stubs
                0x00000000004cbfa8                .pic.(float, int, long long, short, float, short, int)
 .text          0x00000000004cbfb0       0x80 /opt/rs97/lib/gcc/mipsel-rs97-linux-uclibc/7.3.0/libgcc.a(fixsfsi.o)
                0x00000000004cbfb0                __fixsfsi
 .text.stub.2   0x00000000004cc030       0x10 linker stubs
                0x00000000004cc038                .pic.__floatsisf
 .text          0x00000000004cc040      0x100 /opt/rs97/lib/gcc/mipsel-rs97-linux-uclibc/7.3.0/libgcc.a(floatsisf.o)
                0x00000000004cc040                __floatsisf
 .text.stub.11  0x00000000004cc140       0x10 linker stubs
                0x00000000004cc148                .pic.__adddf3
 .text          0x00000000004cc150      0x890 /opt/rs97/lib/gcc/mipsel-rs97-linux-uclibc/7.3.0/libgcc.a(adddf3.o)
                0x00000000004cc150                __adddf3
 .text.stub.12  0x00000000004cc9e0       0x10 linker stubs
                0x00000000004cc9e8                .pic.__divdf3
 .text          0x00000000004cc9f0      0x6f0 /opt/rs97/lib/gcc/mipsel-rs97-linux-uclibc/7.3.0/libgcc.a(divdf3.o)
                0x00000000004cc9f0                __divdf3
 .text.stub.3   0x00000000004cd0e0       0x10 linker stubs
                0x00000000004cd0e8                .pic.__gtdf2
 .text          0x00000000004cd0f0      0x150 /opt/rs97/lib/gcc/mipsel-rs97-linux-uclibc/7.3.0/libgcc.a(gedf2.o)
                0x00000000004cd0f0                __gtdf2
                0x00000000004cd0f0                __gedf2
 .text.stub.10  0x00000000004cd240       0x10 linker stubs
                0x00000000004cd248                .pic.__muldf3
 .text          0x00000000004cd250      0x520 /opt/rs97/lib/gcc/mipsel-rs97-linux-uclibc/7.3.0/libgcc.a(muldf3.o)
                0x00000000004cd250                __muldf3
 .text.stub.16  0x00000000004cd770       0x10 linker stubs
                0x00000000004cd778                .pic.(float, int, long long, double, float, short, int)
 .text          0x00000000004cd780       0x90 /opt/rs97/lib/gcc/mipsel-rs97-linux-uclibc/7.3.0/libgcc.a(fixdfsi.o)
                0x00000000004cd780                __fixdfsi
 .text.stub.8   0x00000000004cd810       0x10 linker stubs
                0x00000000004cd818                .pic.__fixunsdfsi
 .text          0x00000000004cd820       0x80 /opt/rs97/lib/gcc/mipsel-rs97-linux-uclibc/7.3.0/libgcc.a(fixunsdfsi.o)
                0x00000000004cd820                __fixunsdfsi
 .text.stub.13  0x00000000004cd8a0       0x10 linker stubs
                0x00000000004cd8a8                .pic.__floatsidf
 .text          0x00000000004cd8b0       0x90 /opt/rs97/lib/gcc/mipsel-rs97-linux-uclibc/7.3.0/libgcc.a(floatsidf.o)
                0x00000000004cd8b0                __floatsidf
 .text.stub.5   0x00000000004cd940       0x10 linker stubs
                0x00000000004cd948                .pic.__floatunsidf
 .text          0x00000000004cd950       0x70 /opt/rs97/lib/gcc/mipsel-rs97-linux-uclibc/7.3.0/libgcc.a(floatunsidf.o)
                0x00000000004cd950                __floatunsidf
 .text.stub.15  0x00000000004cd9c0       0x10 linker stubs
                0x00000000004cd9c8                .pic.__truncdfsf2
 .text          0x00000000004cd9d0      0x1e0 /opt/rs97/lib/gcc/mipsel-rs97-linux-uclibc/7.3.0/libgcc.a(truncdfsf2.o)
                0x00000000004cd9d0                __truncdfsf2
 .text          0x00000000004cdbb0       0x50 /opt/rs97/lib/gcc/mipsel-rs97-linux-uclibc/7.3.0/crtend.o
 .text          0x00000000004cdc00        0x0 /opt/rs97/mipsel-rs97-linux-uclibc/sysroot/usr/lib/crtn.o
 *(.gnu.warning)
 *(.mips16.fn.*)
 *(.mips16.call.*)

.MIPS.stubs     0x00000000004cdc00       0x20
 .MIPS.stubs    0x00000000004cdc00       0x20 /opt/rs97/mipsel-rs97-linux-uclibc/sysroot/usr/lib/crt1.o
                0x00000000004cdc00                __uClibc_main
                0x00000000004cdc00                _MIPS_STUBS_

.fini           0x00000000004cdc20       0x48
 *(SORT_NONE(.fini))
 .fini          0x00000000004cdc20       0x1c /opt/rs97/mipsel-rs97-linux-uclibc/sysroot/usr/lib/crti.o
                0x00000000004cdc20                _fini
 .fini          0x00000000004cdc3c       0x20 /opt/rs97/lib/gcc/mipsel-rs97-linux-uclibc/7.3.0/crtbegin.o
 .fini          0x00000000004cdc5c        0xc /opt/rs97/mipsel-rs97-linux-uclibc/sysroot/usr/lib/crtn.o
                [!provide]                        PROVIDE (__etext = .)
                [!provide]                        PROVIDE (_etext = .)
                [!provide]                        PROVIDE (etext = .)

.rodata         0x00000000004cdc70     0xbe80
 *(.rodata .rodata.* .gnu.linkonce.r.*)
 .rodata.str1.4
                0x00000000004cdc70       0x46 platform/opendingux/inputmap.o
                                         0x54 (size before relaxing)
 *fill*         0x00000000004cdcb6        0xa 
 .rodata        0x00000000004cdcc0      0x570 platform/opendingux/inputmap.o
                0x00000000004cdcc0                in_sdl_key_names
                0x00000000004ce1cc                in_sdl_key_map
                0x00000000004ce1f4                in_sdl_defbinds
 .rodata.str1.4
                0x00000000004ce230       0x47 platform/linux/emu.o
                                         0x4c (size before relaxing)
 *fill*         0x00000000004ce277        0x1 
 .rodata.str1.4
                0x00000000004ce278        0xf platform/common/plat_sdl.o
                                         0x18 (size before relaxing)
 *fill*         0x00000000004ce287        0x9 
 .rodata        0x00000000004ce290       0xc0 platform/common/plat_sdl.o
                0x00000000004ce2a8                in_sdl_joy_map
 .rodata.cst4   0x00000000004ce350       0x1c platform/common/plat_sdl.o
 .rodata.str1.4
                0x00000000004ce36c      0x1dc platform/libpicofe/plat_sdl.o
 .rodata.str1.4
                0x00000000004ce548      0x28c platform/libpicofe/in_sdl.o
                                        0x304 (size before relaxing)
 *fill*         0x00000000004ce7d4        0xc 
 .rodata        0x00000000004ce7e0      0x550 platform/libpicofe/in_sdl.o
 .rodata.str1.4
                0x00000000004ced30      0x16a platform/common/main.o
                                        0x16c (size before relaxing)
 *fill*         0x00000000004cee9a        0x6 
 .rodata        0x00000000004ceea0       0x30 platform/common/main.o
 .rodata.str1.4
                0x00000000004ceed0      0x578 platform/common/emu.o
                                        0x598 (size before relaxing)
 *fill*         0x00000000004cf448        0x8 
 .rodata        0x00000000004cf450       0x30 platform/common/emu.o
 .rodata.str1.4
                0x00000000004cf480      0xb60 platform/common/menu_pico.o
                                        0xb8c (size before relaxing)
 .rodata        0x00000000004cffe0      0x650 platform/common/menu_pico.o
 .rodata.str1.4
                0x00000000004d0630      0x2eb platform/common/config_file.o
                                        0x340 (size before relaxing)
 *fill*         0x00000000004d091b        0x5 
 .rodata        0x00000000004d0920      0x110 platform/common/config_file.o
 .rodata.str1.4
                0x00000000004d0a30      0x1eb platform/libpicofe/input.o
                                        0x1ec (size before relaxing)
 *fill*         0x00000000004d0c1b        0x1 
 .rodata.str1.4
                0x00000000004d0c1c      0x32f platform/libpicofe/readpng.o
                                        0x338 (size before relaxing)
 *fill*         0x00000000004d0f4b        0x1 
 .rodata.str1.4
                0x00000000004d0f4c      0x553 platform/libpicofe/linux/in_evdev.o
                                        0x624 (size before relaxing)
 *fill*         0x00000000004d149f        0x1 
 .rodata        0x00000000004d14a0      0xc40 platform/libpicofe/linux/in_evdev.o
 .rodata.str1.4
                0x00000000004d20e0      0x13a platform/libpicofe/linux/plat.o
                                        0x13c (size before relaxing)
 *fill*         0x00000000004d221a        0x2 
 .rodata.str1.4
                0x00000000004d221c       0x29 platform/libpicofe/sndout.o
                                         0x2c (size before relaxing)
 *fill*         0x00000000004d2245        0x3 
 .rodata.str1.4
                0x00000000004d2248       0x13 platform/libpicofe/sndout_sdl.o
                                         0x14 (size before relaxing)
 *fill*         0x00000000004d225b        0x1 
 .rodata.str1.4
                0x00000000004d225c      0x403 unzip/unzip.o
                                        0x408 (size before relaxing)
 *fill*         0x00000000004d265f        0x1 
 .rodata.str1.4
                0x00000000004d2660       0x2a pico/pico.o
                                         0x2c (size before relaxing)
 *fill*         0x00000000004d268a        0x6 
 .rodata        0x00000000004d2690       0x80 pico/pico.o
 .rodata.str1.4
                0x00000000004d2710      0x4e5 pico/cart.o
                                        0x518 (size before relaxing)
 *fill*         0x00000000004d2bf5        0xb 
 .rodata        0x00000000004d2c00     0x1340 pico/cart.o
 .rodata        0x00000000004d3f40       0xf0 pico/memory.o
 .rodata.str1.4
                0x00000000004d4030       0x85 pico/memory.o
                                         0x88 (size before relaxing)
 *fill*         0x00000000004d40b5        0x3 
 .rodata.cst8   0x00000000004d40b8        0x8 pico/memory.o
 .rodata.str1.4
                0x00000000004d40c0      0x6e1 pico/state.o
                                        0x6f8 (size before relaxing)
 *fill*         0x00000000004d47a1        0xf 
 .rodata        0x00000000004d47b0      0x260 pico/state.o
 .rodata        0x00000000004d4a10       0x40 pico/sek.o
 .rodata.str1.4
                0x00000000004d4a50       0x31 pico/sek.o
                                         0x34 (size before relaxing)
 *fill*         0x00000000004d4a81        0x3 
 .rodata.str1.4
                0x00000000004d4a84       0x46 pico/z80if.o
                                         0x4c (size before relaxing)
 *fill*         0x00000000004d4aca        0x2 
 .rodata.str1.4
                0x00000000004d4acc       0x22 pico/videoport.o
                                         0x24 (size before relaxing)
 *fill*         0x00000000004d4aee        0x2 
 .rodata        0x00000000004d4af0       0x10 pico/draw2.o
 .rodata        0x00000000004d4b00       0x40 pico/draw.o
 .rodata        0x00000000004d4b40      0x400 pico/misc.o
                0x00000000004d4b40                hcounts_32
                0x00000000004d4d40                hcounts_40
 .rodata        0x00000000004d4f40       0x30 pico/patch.o
 .rodata.str1.4
                0x00000000004d4f70        0x5 pico/patch.o
                                          0xc (size before relaxing)
 *fill*         0x00000000004d4f75        0x3 
 .rodata.str1.4
                0x00000000004d4f78      0x542 pico/debug.o
                                        0x54c (size before relaxing)
 *fill*         0x00000000004d54ba        0x2 
 .rodata.str1.4
                0x00000000004d54bc      0x146 pico/media.o
                                        0x184 (size before relaxing)
 *fill*         0x00000000004d5602        0xe 
 .rodata        0x00000000004d5610       0x10 pico/media.o
 .rodata.str1.4
                0x00000000004d5620       0x4d pico/sms.o
                                         0x50 (size before relaxing)
 *fill*         0x00000000004d566d        0x3 
 .rodata        0x00000000004d5670       0x10 pico/cd/mcd.o
 .rodata        0x00000000004d5680      0xb50 pico/cd/memory.o
 .rodata        0x00000000004d61d0       0xd0 pico/cd/cdc.o
 .rodata.str1.4
                0x00000000004d62a0       0x83 pico/cd/cdd.o
                                         0x94 (size before relaxing)
 *fill*         0x00000000004d6323        0xd 
 .rodata        0x00000000004d6330      0x2f0 pico/cd/cdd.o
 .rodata.str1.4
                0x00000000004d6620      0x16a pico/cd/cd_image.o
                                        0x170 (size before relaxing)
 *fill*         0x00000000004d678a        0x6 
 .rodata        0x00000000004d6790       0x30 pico/cd/cd_image.o
 .rodata.str1.4
                0x00000000004d67c0      0x1f4 pico/cd/cue.o
                                        0x214 (size before relaxing)
 .rodata.str1.4
                0x00000000004d69b4       0x57 pico/32x/32x.o
                                         0x58 (size before relaxing)
 *fill*         0x00000000004d6a0b        0x5 
 .rodata        0x00000000004d6a10       0x10 pico/32x/32x.o
 .rodata.cst4   0x00000000004d6a20        0xc pico/32x/32x.o
 *fill*         0x00000000004d6a2c        0x4 
 .rodata        0x00000000004d6a30      0x6f0 pico/32x/memory.o
 .rodata.str1.4
                0x00000000004d7120       0x9b pico/32x/memory.o
                                         0x9c (size before relaxing)
 *fill*         0x00000000004d71bb        0x5 
 .rodata        0x00000000004d71c0       0x30 pico/32x/draw.o
 .rodata        0x00000000004d71f0       0x30 pico/32x/pwm.o
 .rodata.str1.4
                0x00000000004d7220       0x19 pico/pico/pico.o
                                         0x1c (size before relaxing)
 *fill*         0x00000000004d7239        0x7 
 .rodata        0x00000000004d7240       0x20 pico/pico/pico.o
 .rodata        0x00000000004d7260       0x50 pico/pico/memory.o
 .rodata        0x00000000004d72b0       0x60 pico/pico/xpcm.o
 .rodata.str1.4
                0x00000000004d7310      0x199 pico/carthw/carthw.o
                                        0x1ac (size before relaxing)
 *fill*         0x00000000004d74a9        0x7 
 .rodata        0x00000000004d74b0       0x50 pico/carthw/carthw.o
 .rodata        0x00000000004d7500       0x20 pico/carthw/eeprom_spi.o
 .rodata.str1.4
                0x00000000004d7520       0x35 pico/carthw/svp/svp.o
                                         0x38 (size before relaxing)
 *fill*         0x00000000004d7555        0xb 
 .rodata        0x00000000004d7560      0x3e0 pico/carthw/svp/ssp16.o
 .rodata.cst8   0x00000000004d7940        0x8 pico/sound/sn76496.o
                                         0x10 (size before relaxing)
 *fill*         0x00000000004d7948        0x8 
 .rodata        0x00000000004d7950      0x430 pico/sound/ym2612.o
 .rodata.cst8   0x00000000004d7d80       0xb8 pico/sound/ym2612.o
                                         0xc0 (size before relaxing)
 *fill*         0x00000000004d7e38        0x8 
 .rodata        0x00000000004d7e40      0x400 cpu/fame/famec.o
 .rodata        0x00000000004d8240     0x14a0 cpu/cz80/cz80.o
 .rodata.str1.4
                0x00000000004d96e0       0x2c cpu/drc/cmn.o
 .rodata.str1.4
                0x00000000004d970c       0x20 cpu/sh2/mame/sh2pico.o
 *fill*         0x00000000004d972c        0x4 
 .rodata        0x00000000004d9730      0x2c0 cpu/sh2/mame/sh2pico.o
 .rodata        0x00000000004d99f0       0x40 /opt/rs97/lib/gcc/mipsel-rs97-linux-uclibc/7.3.0/libgcc.a(divsf3.o)
 .rodata        0x00000000004d9a30       0x40 /opt/rs97/lib/gcc/mipsel-rs97-linux-uclibc/7.3.0/libgcc.a(mulsf3.o)
 .rodata        0x00000000004d9a70       0x40 /opt/rs97/lib/gcc/mipsel-rs97-linux-uclibc/7.3.0/libgcc.a(divdf3.o)
 .rodata        0x00000000004d9ab0       0x40 /opt/rs97/lib/gcc/mipsel-rs97-linux-uclibc/7.3.0/libgcc.a(muldf3.o)

.rodata1
 *(.rodata1)

.sdata2
 *(.sdata2 .sdata2.* .gnu.linkonce.s2.*)

.sbss2
 *(.sbss2 .sbss2.* .gnu.linkonce.sb2.*)

.eh_frame_hdr   0x00000000004d9af0       0x1c
 *(.eh_frame_hdr)
 .eh_frame_hdr  0x00000000004d9af0       0x1c /opt/rs97/lib/gcc/mipsel-rs97-linux-uclibc/7.3.0/libgcc.a(_divdi3.o)
                0x00000000004d9af0                __GNU_EH_FRAME_HDR
 *(.eh_frame_entry .eh_frame_entry.*)

.eh_frame       0x00000000004d9b0c       0x40
 *(.eh_frame)
 .eh_frame      0x00000000004d9b0c        0x0 /opt/rs97/lib/gcc/mipsel-rs97-linux-uclibc/7.3.0/crtbegin.o
 .eh_frame      0x00000000004d9b0c       0x28 /opt/rs97/lib/gcc/mipsel-rs97-linux-uclibc/7.3.0/libgcc.a(_divdi3.o)
 .eh_frame      0x00000000004d9b34       0x14 /opt/rs97/lib/gcc/mipsel-rs97-linux-uclibc/7.3.0/libgcc.a(_moddi3.o)
                                         0x28 (size before relaxing)
 .eh_frame      0x00000000004d9b48        0x4 /opt/rs97/lib/gcc/mipsel-rs97-linux-uclibc/7.3.0/crtend.o
 *(.eh_frame.*)

.gcc_except_table
 *(.gcc_except_table .gcc_except_table.*)

.gnu_extab
 *(.gnu_extab*)

.exception_ranges
 *(.exception_ranges .exception_ranges*)

.plt            0x00000000004d9b60      0x910
 *(.plt)
 *fill*         0x00000000004d9b60        0x0 
 .plt           0x00000000004d9b60      0x910 /opt/rs97/mipsel-rs97-linux-uclibc/sysroot/usr/lib/crt1.o
                0x00000000004d9b60                _PROCEDURE_LINKAGE_TABLE_
                0x00000000004d9b80                opendir
                0x00000000004d9b90                SDL_JoystickOpen
                0x00000000004d9ba0                SDL_UnlockSurface
                0x00000000004d9bb0                qsort
                0x00000000004d9bc0                ioctl
                0x00000000004d9bd0                png_set_IHDR@@PNG16_0
                0x00000000004d9be0                remove
                0x00000000004d9bf0                gzclose
                0x00000000004d9c00                png_create_write_struct@@PNG16_0
                0x00000000004d9c10                realloc
                0x00000000004d9c20                SDL_WM_SetCaption
                0x00000000004d9c30                SDL_CreateRGBSurface
                0x00000000004d9c40                sscanf
                0x00000000004d9c50                gettimeofday
                0x00000000004d9c60                SDL_DisplayYUVOverlay
                0x00000000004d9c70                SDL_JoystickName
                0x00000000004d9c80                SDL_Quit
                0x00000000004d9c90                inflate
                0x00000000004d9ca0                SDL_Delay
                0x00000000004d9cb0                SDL_GetError
                0x00000000004d9cc0                SDL_Flip
                0x00000000004d9cd0                snprintf
                0x00000000004d9ce0                png_write_info@@PNG16_0
                0x00000000004d9cf0                png_set_longjmp_fn@@PNG16_0
                0x00000000004d9d00                SDL_ShowCursor
                0x00000000004d9d10                strcmp
                0x00000000004d9d20                time
                0x00000000004d9d30                SDL_JoystickClose
                0x00000000004d9d40                inflateReset
                0x00000000004d9d50                gzeof
                0x00000000004d9d60                inflateInit2_
                0x00000000004d9d70                memset
                0x00000000004d9d80                stpcpy
                0x00000000004d9d90                SDL_QuitSubSystem
                0x00000000004d9da0                alphasort
                0x00000000004d9db0                png_destroy_write_struct@@PNG16_0
                0x00000000004d9dc0                malloc
                0x00000000004d9dd0                getcwd
                0x00000000004d9de0                memmove
                0x00000000004d9df0                SDL_VideoDriverName
                0x00000000004d9e00                gzread
                0x00000000004d9e10                strcat
                0x00000000004d9e20                rand
                0x00000000004d9e30                log
                0x00000000004d9e40                strncmp
                0x00000000004d9e50                strcpy
                0x00000000004d9e60                strrchr
                0x00000000004d9e70                fstat
                0x00000000004d9e80                closedir
                0x00000000004d9e90                fclose
                0x00000000004d9ea0                strdup
                0x00000000004d9eb0                sleep
                0x00000000004d9ec0                open
                0x00000000004d9ed0                pow
                0x00000000004d9ee0                png_read_png@@PNG16_0
                0x00000000004d9ef0                SDL_PauseAudio
                0x00000000004d9f00                strstr
                0x00000000004d9f10                SDL_NumJoysticks
                0x00000000004d9f20                png_get_rows@@PNG16_0
                0x00000000004d9f30                munmap
                0x00000000004d9f40                png_destroy_read_struct@@PNG16_0
                0x00000000004d9f50                perror
                0x00000000004d9f60                strchr
                0x00000000004d9f70                strncasecmp
                0x00000000004d9f80                png_get_image_height@@PNG16_0
                0x00000000004d9f90                rewind
                0x00000000004d9fa0                ftell
                0x00000000004d9fb0                SDL_JoystickEventState
                0x00000000004d9fc0                SDL_PushEvent
                0x00000000004d9fd0                png_create_info_struct@@PNG16_0
                0x00000000004d9fe0                printf
                0x00000000004d9ff0                SDL_CloseAudio
                0x00000000004da000                mremap
                0x00000000004da010                fwrite
                0x00000000004da020                SDL_LockYUVOverlay
                0x00000000004da030                readlink
                0x00000000004da040                strncpy
                0x00000000004da050                putchar
                0x00000000004da060                png_get_bit_depth@@PNG16_0
                0x00000000004da070                exit
                0x00000000004da080                png_write_end@@PNG16_0
                0x00000000004da090                png_write_image@@PNG16_0
                0x00000000004da0a0                fprintf
                0x00000000004da0b0                vprintf
                0x00000000004da0c0                gzsetparams
                0x00000000004da0d0                floor
                0x00000000004da0e0                SDL_CreateYUVOverlay
                0x00000000004da0f0                fgets
                0x00000000004da100                inflateEnd
                0x00000000004da110                strncat
                0x00000000004da120                strtoul
                0x00000000004da130                fread
                0x00000000004da140                close
                0x00000000004da150                gmtime
                0x00000000004da160                SDL_Init
                0x00000000004da170                setlocale
                0x00000000004da180                sin
                0x00000000004da190                calloc
                0x00000000004da1a0                png_get_image_width@@PNG16_0
                0x00000000004da1b0                read
                0x00000000004da1c0                gzwrite
                0x00000000004da1d0                SDL_UnlockYUVOverlay
                0x00000000004da1e0                SDL_FreeYUVOverlay
                0x00000000004da1f0                SDL_SetVideoMode
                0x00000000004da200                __errno_location
                0x00000000004da210                mkdir
                0x00000000004da220                fcntl
                0x00000000004da230                SDL_InitSubSystem
                0x00000000004da240                vsnprintf
                0x00000000004da250                SDL_LockSurface
                0x00000000004da260                localtime
                0x00000000004da270                gzseek
                0x00000000004da280                mprotect
                0x00000000004da290                feof
                0x00000000004da2a0                crc32
                0x00000000004da2b0                atof
                0x00000000004da2c0                png_init_io@@PNG16_0
                0x00000000004da2d0                free
                0x00000000004da2e0                strftime
                0x00000000004da2f0                atoi
                0x00000000004da300                stat
                0x00000000004da310                _setjmp
                0x00000000004da320                png_create_read_struct@@PNG16_0
                0x00000000004da330                puts
                0x00000000004da340                fopen
                0x00000000004da350                longjmp
                0x00000000004da360                SDL_PeepEvents
                0x00000000004da370                select
                0x00000000004da380                fileno
                0x00000000004da390                SDL_GetVideoInfo
                0x00000000004da3a0                sprintf
                0x00000000004da3b0                getenv
                0x00000000004da3c0                memcpy
                0x00000000004da3d0                strlen
                0x00000000004da3e0                scandir
                0x00000000004da3f0                strtol
                0x00000000004da400                usleep
                0x00000000004da410                mmap
                0x00000000004da420                fseek
                0x00000000004da430                strcasecmp
                0x00000000004da440                SDL_OpenAudio
                0x00000000004da450                gzopen
                0x00000000004da460                SDL_PumpEvents

.iplt
 *(.iplt)
                0x00000000004ea470                . = DATA_SEGMENT_ALIGN (CONSTANT (MAXPAGESIZE), CONSTANT (COMMONPAGESIZE))

.eh_frame
 *(.eh_frame)
 *(.eh_frame.*)

.gnu_extab
 *(.gnu_extab)

.gcc_except_table
 *(.gcc_except_table .gcc_except_table.*)

.exception_ranges
 *(.exception_ranges .exception_ranges*)

.tdata
 *(.tdata .tdata.* .gnu.linkonce.td.*)

.tbss
 *(.tbss .tbss.* .gnu.linkonce.tb.*)
 *(.tcommon)

.preinit_array  0x00000000004ea470        0x0
                [!provide]                        PROVIDE (__preinit_array_start = .)
 *(.preinit_array)
                [!provide]                        PROVIDE (__preinit_array_end = .)

.init_array     0x00000000004ea470        0x0
                [!provide]                        PROVIDE (__init_array_start = .)
 *(SORT_BY_INIT_PRIORITY(.init_array.*) SORT_BY_INIT_PRIORITY(.ctors.*))
 *(.init_array EXCLUDE_FILE(*crtend?.o *crtend.o *crtbegin?.o *crtbegin.o) .ctors)
                [!provide]                        PROVIDE (__init_array_end = .)

.fini_array     0x00000000004ea470        0x0
                [!provide]                        PROVIDE (__fini_array_start = .)
 *(SORT_BY_INIT_PRIORITY(.fini_array.*) SORT_BY_INIT_PRIORITY(.dtors.*))
 *(.fini_array EXCLUDE_FILE(*crtend?.o *crtend.o *crtbegin?.o *crtbegin.o) .dtors)
                [!provide]                        PROVIDE (__fini_array_end = .)

.ctors          0x00000000004ea470        0x8
 *crtbegin.o(.ctors)
 .ctors         0x00000000004ea470        0x4 /opt/rs97/lib/gcc/mipsel-rs97-linux-uclibc/7.3.0/crtbegin.o
 *crtbegin?.o(.ctors)
 *(EXCLUDE_FILE(*crtend?.o *crtend.o) .ctors)
 *(SORT_BY_NAME(.ctors.*))
 *(.ctors)
 .ctors         0x00000000004ea474        0x4 /opt/rs97/lib/gcc/mipsel-rs97-linux-uclibc/7.3.0/crtend.o

.dtors          0x00000000004ea478        0x8
 *crtbegin.o(.dtors)
 .dtors         0x00000000004ea478        0x4 /opt/rs97/lib/gcc/mipsel-rs97-linux-uclibc/7.3.0/crtbegin.o
 *crtbegin?.o(.dtors)
 *(EXCLUDE_FILE(*crtend?.o *crtend.o) .dtors)
 *(SORT_BY_NAME(.dtors.*))
 *(.dtors)
 .dtors         0x00000000004ea47c        0x4 /opt/rs97/lib/gcc/mipsel-rs97-linux-uclibc/7.3.0/crtend.o
                0x00000000004ea47c                __DTOR_END__

.jcr
 *(.jcr)

.data.rel.ro    0x00000000004ea480        0x0
 *(.data.rel.ro.local* .gnu.linkonce.d.rel.ro.local.*)
 *(.data.rel.ro .data.rel.ro.* .gnu.linkonce.d.rel.ro.*)
 .data.rel.ro   0x00000000004ea480        0x0 /opt/rs97/mipsel-rs97-linux-uclibc/sysroot/usr/lib/crt1.o
                0x00000000004ea480                . = DATA_SEGMENT_RELRO_END (., 0x0)

.got.plt        0x00000000004ea480      0x244
 *(.got.plt)
 .got.plt       0x00000000004ea480      0x244 /opt/rs97/mipsel-rs97-linux-uclibc/sysroot/usr/lib/crt1.o

.data           0x00000000004ea6d0     0x1fa0
                0x00000000004ea6d0                _fdata = .
 *(.data .data.* .gnu.linkonce.d.*)
 .data          0x00000000004ea6d0       0x10 /opt/rs97/mipsel-rs97-linux-uclibc/sysroot/usr/lib/crt1.o
                0x00000000004ea6d0                __data_start
                0x00000000004ea6d0                data_start
 .data          0x00000000004ea6e0        0x0 /opt/rs97/mipsel-rs97-linux-uclibc/sysroot/usr/lib/crti.o
 .data          0x00000000004ea6e0        0x0 /opt/rs97/lib/gcc/mipsel-rs97-linux-uclibc/7.3.0/crtbegin.o
 .data          0x00000000004ea6e0        0x0 platform/opendingux/inputmap.o
 .data          0x00000000004ea6e0       0x20 platform/linux/emu.o
                0x00000000004ea6e0                renderer_names32x
                0x00000000004ea6f0                renderer_names
 .data          0x00000000004ea700        0x0 platform/linux/blit.o
 .data          0x00000000004ea700        0x0 platform/common/plat_sdl.o
 .data          0x00000000004ea700       0x10 platform/libpicofe/plat_sdl.o
 .data          0x00000000004ea710        0x0 platform/libpicofe/in_sdl.o
 .data          0x00000000004ea710        0x0 platform/libpicofe/plat_dummy.o
 .data          0x00000000004ea710        0x0 platform/common/main.o
 .data          0x00000000004ea710       0x30 platform/common/emu.o
                0x00000000004ea718                engineState
                0x00000000004ea71c                pico_pen_y
                0x00000000004ea720                pico_pen_x
                0x00000000004ea724                PicoConfigFile
                0x00000000004ea728                g_screen_ppitch
                0x00000000004ea72c                g_screen_height
                0x00000000004ea730                g_screen_width
 .data          0x00000000004ea740     0x1100 platform/common/menu_pico.o
                0x00000000004eb700                indev_names
                0x00000000004eb710                emuctrl_actions
                0x00000000004eb780                me_ctrl_actions
 .data          0x00000000004eb840        0x0 platform/common/config_file.o
 .data          0x00000000004eb840        0x0 platform/libpicofe/input.o
 .data          0x00000000004eb840        0x0 platform/libpicofe/readpng.o
 .data          0x00000000004eb840      0xc00 platform/libpicofe/fonts.o
                0x00000000004eb840                fontdata6x8
                0x00000000004ec040                fontdata8x8
 .data          0x00000000004ec440        0x0 platform/libpicofe/linux/in_evdev.o
 .data          0x00000000004ec440        0x0 platform/libpicofe/linux/plat.o
 .data          0x00000000004ec440       0x40 platform/libpicofe/sndout.o
 .data          0x00000000004ec480        0x0 platform/libpicofe/sndout_sdl.o
 .data          0x00000000004ec480       0x20 platform/common/mp3.o
                0x00000000004ec480                mpeg1_l3_bitrates
 .data          0x00000000004ec4a0        0x0 platform/common/mp3_dummy.o
 .data          0x00000000004ec4a0       0x10 unzip/unzip.o
 .data          0x00000000004ec4b0        0x0 pico/pico.o
 .data          0x00000000004ec4b0        0x0 pico/cart.o
 .data          0x00000000004ec4b0       0x10 pico/memory.o
 .data          0x00000000004ec4c0        0x0 pico/state.o
 .data          0x00000000004ec4c0        0x0 pico/sek.o
 .data          0x00000000004ec4c0        0x0 pico/z80if.o
 .data          0x00000000004ec4c0        0x0 pico/videoport.o
 .data          0x00000000004ec4c0       0x10 pico/draw2.o
                0x00000000004ec4c0                PicoCramHigh
 .data          0x00000000004ec4d0       0x10 pico/draw.o
                0x00000000004ec4d0                DrawLineDestBase
 .data          0x00000000004ec4e0        0x0 pico/mode4.o
 .data          0x00000000004ec4e0        0x0 pico/misc.o
 .data          0x00000000004ec4e0       0x10 pico/eeprom.o
 .data          0x00000000004ec4f0       0x70 pico/patch.o
 .data          0x00000000004ec560        0x0 pico/debug.o
 .data          0x00000000004ec560        0x0 pico/media.o
 .data          0x00000000004ec560        0x0 pico/sms.o
 .data          0x00000000004ec560        0x0 pico/cd/mcd.o
 .data          0x00000000004ec560        0x0 pico/cd/memory.o
 .data          0x00000000004ec560        0x0 pico/cd/sek.o
 .data          0x00000000004ec560        0x0 pico/cd/cdc.o
 .data          0x00000000004ec560        0x0 pico/cd/cdd.o
 .data          0x00000000004ec560        0x0 pico/cd/cd_image.o
 .data          0x00000000004ec560        0x0 pico/cd/cue.o
 .data          0x00000000004ec560        0x0 pico/cd/gfx.o
 .data          0x00000000004ec560        0x0 pico/cd/gfx_dma.o
 .data          0x00000000004ec560       0x40 pico/cd/misc.o
                0x00000000004ec560                formatted_bram
 .data          0x00000000004ec5a0        0x0 pico/cd/pcm.o
 .data          0x00000000004ec5a0        0x0 pico/32x/32x.o
 .data          0x00000000004ec5a0        0x0 pico/32x/memory.o
 .data          0x00000000004ec5a0        0x0 pico/32x/draw.o
 .data          0x00000000004ec5a0        0x0 pico/32x/sh2soc.o
 .data          0x00000000004ec5a0        0x0 pico/32x/pwm.o
 .data          0x00000000004ec5a0       0x10 pico/pico/pico.o
 .data          0x00000000004ec5b0        0x0 pico/pico/memory.o
 .data          0x00000000004ec5b0       0x10 pico/pico/xpcm.o
 .data          0x00000000004ec5c0       0x70 pico/carthw/carthw.o
 .data          0x00000000004ec630        0x0 pico/carthw/eeprom_spi.o
 .data          0x00000000004ec630       0x30 pico/carthw/svp/svp.o
 .data          0x00000000004ec660        0x0 pico/carthw/svp/memory.o
 .data          0x00000000004ec660        0x0 pico/carthw/svp/ssp16.o
 .data          0x00000000004ec660       0x10 pico/sound/sound.o
                0x00000000004ec660                PsndMix_32_to_16l
 .data          0x00000000004ec670        0x0 pico/sound/sn76496.o
 .data          0x00000000004ec670        0x0 pico/sound/ym2612.o
 .data          0x00000000004ec670        0x0 pico/sound/mix.o
 .data          0x00000000004ec670        0x0 cpu/fame/famec.o
 .data          0x00000000004ec670        0x0 cpu/cz80/cz80.o
 .data          0x00000000004ec670        0x0 cpu/drc/cmn.o
 .data          0x00000000004ec670        0x0 cpu/sh2/sh2.o
 .data          0x00000000004ec670        0x0 cpu/sh2/mame/sh2pico.o
 .data          0x00000000004ec670        0x0 /opt/rs97/lib/gcc/mipsel-rs97-linux-uclibc/7.3.0/libgcc.a(_divdi3.o)
 .data          0x00000000004ec670        0x0 /opt/rs97/lib/gcc/mipsel-rs97-linux-uclibc/7.3.0/libgcc.a(_moddi3.o)
 .data          0x00000000004ec670        0x0 /opt/rs97/lib/gcc/mipsel-rs97-linux-uclibc/7.3.0/libgcc.a(addsf3.o)
 .data          0x00000000004ec670        0x0 /opt/rs97/lib/gcc/mipsel-rs97-linux-uclibc/7.3.0/libgcc.a(divsf3.o)
 .data          0x00000000004ec670        0x0 /opt/rs97/lib/gcc/mipsel-rs97-linux-uclibc/7.3.0/libgcc.a(mulsf3.o)
 .data          0x00000000004ec670        0x0 /opt/rs97/lib/gcc/mipsel-rs97-linux-uclibc/7.3.0/libgcc.a(fixsfsi.o)
 .data          0x00000000004ec670        0x0 /opt/rs97/lib/gcc/mipsel-rs97-linux-uclibc/7.3.0/libgcc.a(floatsisf.o)
 .data          0x00000000004ec670        0x0 /opt/rs97/lib/gcc/mipsel-rs97-linux-uclibc/7.3.0/libgcc.a(adddf3.o)
 .data          0x00000000004ec670        0x0 /opt/rs97/lib/gcc/mipsel-rs97-linux-uclibc/7.3.0/libgcc.a(divdf3.o)
 .data          0x00000000004ec670        0x0 /opt/rs97/lib/gcc/mipsel-rs97-linux-uclibc/7.3.0/libgcc.a(gedf2.o)
 .data          0x00000000004ec670        0x0 /opt/rs97/lib/gcc/mipsel-rs97-linux-uclibc/7.3.0/libgcc.a(muldf3.o)
 .data          0x00000000004ec670        0x0 /opt/rs97/lib/gcc/mipsel-rs97-linux-uclibc/7.3.0/libgcc.a(fixdfsi.o)
 .data          0x00000000004ec670        0x0 /opt/rs97/lib/gcc/mipsel-rs97-linux-uclibc/7.3.0/libgcc.a(fixunsdfsi.o)
 .data          0x00000000004ec670        0x0 /opt/rs97/lib/gcc/mipsel-rs97-linux-uclibc/7.3.0/libgcc.a(floatsidf.o)
 .data          0x00000000004ec670        0x0 /opt/rs97/lib/gcc/mipsel-rs97-linux-uclibc/7.3.0/libgcc.a(floatunsidf.o)
 .data          0x00000000004ec670        0x0 /opt/rs97/lib/gcc/mipsel-rs97-linux-uclibc/7.3.0/libgcc.a(truncdfsf2.o)
 .data          0x00000000004ec670        0x0 /opt/rs97/lib/gcc/mipsel-rs97-linux-uclibc/7.3.0/crtend.o
 .data          0x00000000004ec670        0x0 /opt/rs97/mipsel-rs97-linux-uclibc/sysroot/usr/lib/crtn.o

.rld_map        0x00000000004ec670        0x4
 .rld_map       0x00000000004ec670        0x4 /opt/rs97/mipsel-rs97-linux-uclibc/sysroot/usr/lib/crt1.o
                0x00000000004ec670                __RLD_MAP

.tm_clone_table
                0x00000000004ec674        0x0
 .tm_clone_table
                0x00000000004ec674        0x0 /opt/rs97/lib/gcc/mipsel-rs97-linux-uclibc/7.3.0/crtbegin.o
 .tm_clone_table
                0x00000000004ec674        0x0 /opt/rs97/lib/gcc/mipsel-rs97-linux-uclibc/7.3.0/crtend.o

.data1
 *(.data1)
                0x00000000004ec674                . = .
                0x00000000004ec674                . = .
                0x00000000004f4670                _gp = (ALIGN (0x10) + 0x7ff0)

.got            0x00000000004ec680       0x44
 *(.got)
 .got           0x00000000004ec680       0x44 /opt/rs97/mipsel-rs97-linux-uclibc/sysroot/usr/lib/crt1.o
                0x00000000004ec680                _GLOBAL_OFFSET_TABLE_

.sdata          0x00000000004ec6c4        0x4
 *(.sdata .sdata.* .gnu.linkonce.s.*)
 .sdata         0x00000000004ec6c4        0x4 /opt/rs97/lib/gcc/mipsel-rs97-linux-uclibc/7.3.0/crtbegin.o
                0x00000000004ec6c4                __dso_handle

.lit8
 *(.lit8)

.lit4
 *(.lit4)
                0x00000000004ec6c8                _edata = .
                [!provide]                        PROVIDE (edata = .)
                0x00000000004ec6c8                . = .
                0x00000000004ec6c8                __bss_start = .
                0x00000000004ec6c8                _fbss = .

.sbss           0x00000000004ec6c8       0xa8
 *(.dynsbss)
 *(.sbss .sbss.* .gnu.linkonce.sb.*)
 *(.scommon)
 .scommon       0x00000000004ec6c8       0x18 platform/libpicofe/plat_sdl.o
                0x00000000004ec6c8                plat_sdl_screen
                0x00000000004ec6cc                plat_sdl_quit_cb
                0x00000000004ec6d0                plat_sdl_gl_active
                0x00000000004ec6d4                plat_sdl_overlay
                0x00000000004ec6d8                ScreenSurface
                0x00000000004ec6dc                plat_sdl_resize_cb
 .scommon       0x00000000004ec6e0        0x4 platform/common/main.o
                0x00000000004ec6e0                g_argv
 .scommon       0x00000000004ec6e4       0x10 platform/common/emu.o
                0x00000000004ec6e4                g_screen_ptr
                0x00000000004ec6e8                flip_after_sync
                0x00000000004ec6ec                rom_fname_reload
                0x00000000004ec6f0                pico_inp_mode
 .scommon       0x00000000004ec6f4       0x1c platform/common/menu_pico.o
                0x00000000004ec6f4                g_autostateld_opt
                0x00000000004ec6f8                g_menuscreen_w
                0x00000000004ec6fc                g_menubg_ptr
                0x00000000004ec700                g_menuscreen_ptr
                0x00000000004ec704                g_menuscreen_h
                0x00000000004ec708                g_menuscreen_pp
                0x00000000004ec70c                g_menubg_src_ptr
 .scommon       0x00000000004ec710        0x4 platform/libpicofe/linux/in_evdev.o
                0x00000000004ec710                in_evdev_allow_abs_only
 .scommon       0x00000000004ec714        0xc pico/cart.o
                0x00000000004ec714                PicoGameLoaded
                0x00000000004ec718                PicoCartMemSetup
                0x00000000004ec71c                PicoCartUnloadHook
 .scommon       0x00000000004ec720        0xc pico/state.o
                0x00000000004ec720                PicoStateProgressCB
                0x00000000004ec724                carthw_chunks
                0x00000000004ec728                PicoLoadStateHook
 .scommon       0x00000000004ec72c        0xc pico/draw.o
                0x00000000004ec72c                DrawLineDestIncrement
                0x00000000004ec730                rendlines
                0x00000000004ec734                rendstatus_old
 .scommon       0x00000000004ec738        0x8 pico/cd/sek.o
                0x00000000004ec738                SekCycleCntS68k
                0x00000000004ec73c                SekCycleAimS68k
 .scommon       0x00000000004ec740       0x10 pico/32x/memory.o
                0x00000000004ec740                Pico32xMem
                0x00000000004ec744                p32x_bios_m
                0x00000000004ec748                p32x_bios_g
                0x00000000004ec74c                p32x_bios_s
 .scommon       0x00000000004ec750        0xc pico/32x/draw.o
                0x00000000004ec750                Pico32xDrawMode
                0x00000000004ec754                PicoScan32xEnd
                0x00000000004ec758                PicoScan32xBegin
 .scommon       0x00000000004ec75c        0xc pico/carthw/carthw.o
                0x00000000004ec75c                carthw_ssf2_banks
                0x00000000004ec764                carthw_ssf2_active
 .scommon       0x00000000004ec768        0x4 pico/sound/sn76496.o
                0x00000000004ec768                sn76496_regs
 .scommon       0x00000000004ec76c        0x4 cpu/drc/cmn.o
                0x00000000004ec76c                tcache

.bss            0x00000000004ed000   0x33a000
 *(.dynbss)
 .dynbss        0x00000000004ed000        0x4 /opt/rs97/mipsel-rs97-linux-uclibc/sysroot/usr/lib/crt1.o
                0x00000000004ed000                stderr
 *(.bss .bss.* .gnu.linkonce.b.*)
 *fill*         0x00000000004ed004        0xc 
 .bss           0x00000000004ed010        0x0 /opt/rs97/mipsel-rs97-linux-uclibc/sysroot/usr/lib/crt1.o
 .bss           0x00000000004ed010        0x0 /opt/rs97/mipsel-rs97-linux-uclibc/sysroot/usr/lib/crti.o
 .bss           0x00000000004ed010       0x20 /opt/rs97/lib/gcc/mipsel-rs97-linux-uclibc/7.3.0/crtbegin.o
 .bss           0x00000000004ed030        0x0 platform/opendingux/inputmap.o
 .bss           0x00000000004ed030        0x0 platform/linux/emu.o
 .bss           0x00000000004ed030        0x0 platform/linux/blit.o
 .bss           0x00000000004ed030      0x210 platform/common/plat_sdl.o
 .bss           0x00000000004ed240       0x50 platform/libpicofe/plat_sdl.o
 .bss           0x00000000004ed290       0x10 platform/libpicofe/in_sdl.o
 .bss           0x00000000004ed2a0        0x0 platform/libpicofe/plat_dummy.o
 .bss           0x00000000004ed2a0        0x0 platform/common/main.o
 .bss           0x00000000004ed2a0     0x1100 platform/common/emu.o
                0x00000000004ed2a0                movie_data
                0x00000000004ed2a4                reset_timing
                0x00000000004ed2a8                config_slot_current
                0x00000000004ed2ac                config_slot
                0x00000000004ed2b0                state_slot
 .bss           0x00000000004ee3a0      0x210 platform/common/menu_pico.o
                0x00000000004ee3a0                menu_error_msg
 .bss           0x00000000004ee5b0        0x0 platform/common/config_file.o
 .bss           0x00000000004ee5b0      0x180 platform/libpicofe/input.o
 .bss           0x00000000004ee730        0x0 platform/libpicofe/readpng.o
 .bss           0x00000000004ee730        0x0 platform/libpicofe/fonts.o
 .bss           0x00000000004ee730        0x0 platform/libpicofe/linux/in_evdev.o
 .bss           0x00000000004ee730       0x10 platform/libpicofe/linux/plat.o
 .bss           0x00000000004ee740        0x0 platform/libpicofe/sndout.o
 .bss           0x00000000004ee740    0x10010 platform/libpicofe/sndout_sdl.o
 .bss           0x00000000004fe750       0x20 platform/common/mp3.o
 .bss           0x00000000004fe770        0x0 platform/common/mp3_dummy.o
 .bss           0x00000000004fe770        0x0 unzip/unzip.o
 .bss           0x00000000004fe770       0x10 pico/pico.o
                0x00000000004fe770                PicoLineHook
                0x00000000004fe774                PicoResetHook
 .bss           0x00000000004fe780       0x10 pico/cart.o
                0x00000000004fe780                PicoCDLoadProgressCB
                0x00000000004fe784                PicoCartLoadProgressCB
 .bss           0x00000000004fe790        0x0 pico/memory.o
 .bss           0x00000000004fe790       0x20 pico/state.o
 .bss           0x00000000004fe7b0       0x10 pico/sek.o
 .bss           0x00000000004fe7c0        0x0 pico/z80if.o
 .bss           0x00000000004fe7c0       0x10 pico/videoport.o
                0x00000000004fe7c0                PicoDmaHook
 .bss           0x00000000004fe7d0    0x16d40 pico/draw2.o
                0x00000000004fe7d0                PicoPrepareCram
 .bss           0x0000000000515510      0xa40 pico/draw.o
                0x0000000000515510                PicoScanEnd
                0x0000000000515514                PicoScanBegin
 .bss           0x0000000000515f50       0x10 pico/mode4.o
 .bss           0x0000000000515f60        0x0 pico/misc.o
 .bss           0x0000000000515f60        0x0 pico/eeprom.o
 .bss           0x0000000000515f60       0x10 pico/patch.o
                0x0000000000515f60                PicoPatchCount
                0x0000000000515f64                PicoPatches
 .bss           0x0000000000515f70     0x2000 pico/debug.o
 .bss           0x0000000000517f70        0x0 pico/media.o
 .bss           0x0000000000517f70       0x10 pico/sms.o
 .bss           0x0000000000517f80       0x10 pico/cd/mcd.o
 .bss           0x0000000000517f90        0x0 pico/cd/memory.o
 .bss           0x0000000000517f90        0x0 pico/cd/sek.o
 .bss           0x0000000000517f90     0x4950 pico/cd/cdc.o
 .bss           0x000000000051c8e0        0x0 pico/cd/cdd.o
 .bss           0x000000000051c8e0        0x0 pico/cd/cd_image.o
 .bss           0x000000000051c8e0        0x0 pico/cd/cue.o
 .bss           0x000000000051c8e0      0x720 pico/cd/gfx.o
 .bss           0x000000000051d000        0x0 pico/cd/gfx_dma.o
 .bss           0x000000000051d000        0x0 pico/cd/misc.o
 .bss           0x000000000051d000        0x0 pico/cd/pcm.o
 .bss           0x000000000051d000       0x10 pico/32x/32x.o
 .bss           0x000000000051d010      0xc20 pico/32x/memory.o
 .bss           0x000000000051dc30        0x0 pico/32x/draw.o
 .bss           0x000000000051dc30       0x10 pico/32x/sh2soc.o
 .bss           0x000000000051dc40       0x20 pico/32x/pwm.o
 .bss           0x000000000051dc60       0x10 pico/pico/pico.o
 .bss           0x000000000051dc70        0x0 pico/pico/memory.o
 .bss           0x000000000051dc70       0x10 pico/pico/xpcm.o
 .bss           0x000000000051dc80       0x20 pico/carthw/carthw.o
 .bss           0x000000000051dca0       0x10 pico/carthw/eeprom_spi.o
 .bss           0x000000000051dcb0       0x10 pico/carthw/svp/svp.o
                0x000000000051dcb0                svp
 .bss           0x000000000051dcc0        0x0 pico/carthw/svp/memory.o